Archive member included to satisfy reference by file (symbol)

c:/program files (x86)/atmel/studio/7.0/toolchain/avr8/avr8-gnu-toolchain/bin/../lib/gcc/avr/5.4.0/avr5\libgcc.a(_udivmodsi4.o)
                              HAL/CLCD/CLCD_program.o (__udivmodsi4)
c:/program files (x86)/atmel/studio/7.0/toolchain/avr8/avr8-gnu-toolchain/bin/../lib/gcc/avr/5.4.0/avr5\libgcc.a(_exit.o)
                              C:/Program Files (x86)/Atmel/Studio/7.0/Packs/atmel/ATmega_DFP/1.7.374/gcc/dev/atmega32/avr5/crtatmega32.o (exit)
c:/program files (x86)/atmel/studio/7.0/toolchain/avr8/avr8-gnu-toolchain/bin/../lib/gcc/avr/5.4.0/avr5\libgcc.a(_copy_data.o)
                              APP/main.o (__do_copy_data)
c:/program files (x86)/atmel/studio/7.0/toolchain/avr8/avr8-gnu-toolchain/bin/../lib/gcc/avr/5.4.0/avr5\libgcc.a(_clear_bss.o)
                              APP/main.o (__do_clear_bss)

Allocating common symbols
Common symbol       size              file

EXTI_InterruptCallBackHandler
                    0x6               MCAL/EXTI/EXTI_program.o

Discarded input sections

 .data          0x00000000        0x0 C:/Program Files (x86)/Atmel/Studio/7.0/Packs/atmel/ATmega_DFP/1.7.374/gcc/dev/atmega32/avr5/crtatmega32.o
 .bss           0x00000000        0x0 C:/Program Files (x86)/Atmel/Studio/7.0/Packs/atmel/ATmega_DFP/1.7.374/gcc/dev/atmega32/avr5/crtatmega32.o
 .group         0x00000000        0x8 APP/main.o
 .group         0x00000000        0x8 APP/main.o
 .group         0x00000000        0x8 APP/main.o
 .group         0x00000000        0x8 APP/main.o
 .group         0x00000000        0x8 APP/main.o
 .group         0x00000000        0x8 APP/main.o
 .group         0x00000000        0x8 APP/main.o
 .group         0x00000000        0x8 APP/main.o
 .group         0x00000000        0x8 APP/main.o
 .group         0x00000000        0x8 APP/main.o
 .group         0x00000000        0x8 APP/main.o
 .group         0x00000000        0x8 APP/main.o
 .group         0x00000000        0x8 APP/main.o
 .text          0x00000000        0x0 APP/main.o
 .data          0x00000000        0x0 APP/main.o
 .bss           0x00000000        0x0 APP/main.o
 .group         0x00000000        0x8 HAL/BUZ/BUZ_program.o
 .group         0x00000000        0x8 HAL/BUZ/BUZ_program.o
 .group         0x00000000        0x8 HAL/BUZ/BUZ_program.o
 .group         0x00000000        0x8 HAL/BUZ/BUZ_program.o
 .text          0x00000000        0x0 HAL/BUZ/BUZ_program.o
 .data          0x00000000        0x0 HAL/BUZ/BUZ_program.o
 .bss           0x00000000        0x0 HAL/BUZ/BUZ_program.o
 .text.BUZ_Toggle
                0x00000000       0x12 HAL/BUZ/BUZ_program.o
 .debug_macro   0x00000000      0xa4e HAL/BUZ/BUZ_program.o
 .debug_macro   0x00000000       0x10 HAL/BUZ/BUZ_program.o
 .debug_macro   0x00000000       0x52 HAL/BUZ/BUZ_program.o
 .debug_macro   0x00000000       0x58 HAL/BUZ/BUZ_program.o
 .group         0x00000000        0x8 HAL/CLCD/CLCD_program.o
 .group         0x00000000        0x8 HAL/CLCD/CLCD_program.o
 .group         0x00000000        0x8 HAL/CLCD/CLCD_program.o
 .group         0x00000000        0x8 HAL/CLCD/CLCD_program.o
 .group         0x00000000        0x8 HAL/CLCD/CLCD_program.o
 .group         0x00000000        0x8 HAL/CLCD/CLCD_program.o
 .group         0x00000000        0x8 HAL/CLCD/CLCD_program.o
 .group         0x00000000        0x8 HAL/CLCD/CLCD_program.o
 .group         0x00000000        0x8 HAL/CLCD/CLCD_program.o
 .text          0x00000000        0x0 HAL/CLCD/CLCD_program.o
 .data          0x00000000        0x0 HAL/CLCD/CLCD_program.o
 .bss           0x00000000        0x0 HAL/CLCD/CLCD_program.o
 .text.CLCD_SendNumber
                0x00000000       0xc4 HAL/CLCD/CLCD_program.o
 .debug_macro   0x00000000      0xa4e HAL/CLCD/CLCD_program.o
 .debug_macro   0x00000000       0x10 HAL/CLCD/CLCD_program.o
 .debug_macro   0x00000000       0x52 HAL/CLCD/CLCD_program.o
 .debug_macro   0x00000000       0x58 HAL/CLCD/CLCD_program.o
 .debug_macro   0x00000000       0xb2 HAL/CLCD/CLCD_program.o
 .debug_macro   0x00000000       0x10 HAL/CLCD/CLCD_program.o
 .debug_macro   0x00000000      0x1c9 HAL/CLCD/CLCD_program.o
 .debug_macro   0x00000000      0x2fc HAL/CLCD/CLCD_program.o
 .debug_macro   0x00000000      0x166 HAL/CLCD/CLCD_program.o
 .group         0x00000000        0x8 HAL/KPD/KPD_program.o
 .group         0x00000000        0x8 HAL/KPD/KPD_program.o
 .group         0x00000000        0x8 HAL/KPD/KPD_program.o
 .group         0x00000000        0x8 HAL/KPD/KPD_program.o
 .group         0x00000000        0x8 HAL/KPD/KPD_program.o
 .group         0x00000000        0x8 HAL/KPD/KPD_program.o
 .group         0x00000000        0x8 HAL/KPD/KPD_program.o
 .group         0x00000000        0x8 HAL/KPD/KPD_program.o
 .group         0x00000000        0x8 HAL/KPD/KPD_program.o
 .group         0x00000000        0x8 HAL/KPD/KPD_program.o
 .text          0x00000000        0x0 HAL/KPD/KPD_program.o
 .data          0x00000000        0x0 HAL/KPD/KPD_program.o
 .bss           0x00000000        0x0 HAL/KPD/KPD_program.o
 .text.KPD_Initialization
                0x00000000       0x8e HAL/KPD/KPD_program.o
 .text.KPD_GetPressed
                0x00000000       0xd6 HAL/KPD/KPD_program.o
 .data.KPD_Buttons
                0x00000000       0x10 HAL/KPD/KPD_program.o
 .debug_info    0x00000000      0x553 HAL/KPD/KPD_program.o
 .debug_abbrev  0x00000000      0x1a8 HAL/KPD/KPD_program.o
 .debug_loc     0x00000000      0x219 HAL/KPD/KPD_program.o
 .debug_aranges
                0x00000000       0x28 HAL/KPD/KPD_program.o
 .debug_ranges  0x00000000       0x18 HAL/KPD/KPD_program.o
 .debug_macro   0x00000000       0xa2 HAL/KPD/KPD_program.o
 .debug_macro   0x00000000      0xa4e HAL/KPD/KPD_program.o
 .debug_macro   0x00000000       0x10 HAL/KPD/KPD_program.o
 .debug_macro   0x00000000       0x52 HAL/KPD/KPD_program.o
 .debug_macro   0x00000000       0x58 HAL/KPD/KPD_program.o
 .debug_macro   0x00000000       0x10 HAL/KPD/KPD_program.o
 .debug_macro   0x00000000      0x1c9 HAL/KPD/KPD_program.o
 .debug_macro   0x00000000      0x2fc HAL/KPD/KPD_program.o
 .debug_macro   0x00000000      0x166 HAL/KPD/KPD_program.o
 .debug_macro   0x00000000       0x22 HAL/KPD/KPD_program.o
 .debug_macro   0x00000000       0x16 HAL/KPD/KPD_program.o
 .debug_line    0x00000000      0x350 HAL/KPD/KPD_program.o
 .debug_str     0x00000000     0x425d HAL/KPD/KPD_program.o
 .comment       0x00000000       0x31 HAL/KPD/KPD_program.o
 .debug_frame   0x00000000       0x6c HAL/KPD/KPD_program.o
 .group         0x00000000        0x8 HAL/LED/LED_program.o
 .group         0x00000000        0x8 HAL/LED/LED_program.o
 .group         0x00000000        0x8 HAL/LED/LED_program.o
 .group         0x00000000        0x8 HAL/LED/LED_program.o
 .text          0x00000000        0x0 HAL/LED/LED_program.o
 .data          0x00000000        0x0 HAL/LED/LED_program.o
 .bss           0x00000000        0x0 HAL/LED/LED_program.o
 .text.LED_Initialization
                0x00000000       0x16 HAL/LED/LED_program.o
 .text.LED_On   0x00000000       0x36 HAL/LED/LED_program.o
 .text.LED_Off  0x00000000       0x36 HAL/LED/LED_program.o
 .text.LED_Toggle
                0x00000000       0x12 HAL/LED/LED_program.o
 .debug_info    0x00000000      0x341 HAL/LED/LED_program.o
 .debug_abbrev  0x00000000      0x104 HAL/LED/LED_program.o
 .debug_loc     0x00000000      0x150 HAL/LED/LED_program.o
 .debug_aranges
                0x00000000       0x38 HAL/LED/LED_program.o
 .debug_ranges  0x00000000       0x28 HAL/LED/LED_program.o
 .debug_macro   0x00000000       0x5e HAL/LED/LED_program.o
 .debug_macro   0x00000000      0xa4e HAL/LED/LED_program.o
 .debug_macro   0x00000000       0x10 HAL/LED/LED_program.o
 .debug_macro   0x00000000       0x52 HAL/LED/LED_program.o
 .debug_macro   0x00000000       0x58 HAL/LED/LED_program.o
 .debug_line    0x00000000      0x1af HAL/LED/LED_program.o
 .debug_str     0x00000000     0x30c3 HAL/LED/LED_program.o
 .comment       0x00000000       0x31 HAL/LED/LED_program.o
 .debug_frame   0x00000000       0x54 HAL/LED/LED_program.o
 .group         0x00000000        0x8 HAL/Relay/Relay_program.o
 .group         0x00000000        0x8 HAL/Relay/Relay_program.o
 .group         0x00000000        0x8 HAL/Relay/Relay_program.o
 .group         0x00000000        0x8 HAL/Relay/Relay_program.o
 .text          0x00000000        0x0 HAL/Relay/Relay_program.o
 .data          0x00000000        0x0 HAL/Relay/Relay_program.o
 .bss           0x00000000        0x0 HAL/Relay/Relay_program.o
 .text.Relay_Initialization
                0x00000000       0x16 HAL/Relay/Relay_program.o
 .text.Relay_On
                0x00000000       0x36 HAL/Relay/Relay_program.o
 .text.Relay_Off
                0x00000000       0x36 HAL/Relay/Relay_program.o
 .text.Relay_Toggle
                0x00000000       0x12 HAL/Relay/Relay_program.o
 .debug_info    0x00000000      0x341 HAL/Relay/Relay_program.o
 .debug_abbrev  0x00000000      0x104 HAL/Relay/Relay_program.o
 .debug_loc     0x00000000      0x150 HAL/Relay/Relay_program.o
 .debug_aranges
                0x00000000       0x38 HAL/Relay/Relay_program.o
 .debug_ranges  0x00000000       0x28 HAL/Relay/Relay_program.o
 .debug_macro   0x00000000       0x5e HAL/Relay/Relay_program.o
 .debug_macro   0x00000000      0xa4e HAL/Relay/Relay_program.o
 .debug_macro   0x00000000       0x10 HAL/Relay/Relay_program.o
 .debug_macro   0x00000000       0x52 HAL/Relay/Relay_program.o
 .debug_macro   0x00000000       0x58 HAL/Relay/Relay_program.o
 .debug_line    0x00000000      0x1bf HAL/Relay/Relay_program.o
 .debug_str     0x00000000     0x30dd HAL/Relay/Relay_program.o
 .comment       0x00000000       0x31 HAL/Relay/Relay_program.o
 .debug_frame   0x00000000       0x54 HAL/Relay/Relay_program.o
 .group         0x00000000        0x8 HAL/SSD/SSD_program.o
 .group         0x00000000        0x8 HAL/SSD/SSD_program.o
 .group         0x00000000        0x8 HAL/SSD/SSD_program.o
 .group         0x00000000        0x8 HAL/SSD/SSD_program.o
 .text          0x00000000        0x0 HAL/SSD/SSD_program.o
 .data          0x00000000        0x0 HAL/SSD/SSD_program.o
 .bss           0x00000000        0x0 HAL/SSD/SSD_program.o
 .text.SSD_Enable
                0x00000000       0x42 HAL/SSD/SSD_program.o
 .text.SSD_Disable
                0x00000000       0x24 HAL/SSD/SSD_program.o
 .debug_macro   0x00000000      0xa4e HAL/SSD/SSD_program.o
 .debug_macro   0x00000000       0x10 HAL/SSD/SSD_program.o
 .debug_macro   0x00000000       0x52 HAL/SSD/SSD_program.o
 .debug_macro   0x00000000       0x58 HAL/SSD/SSD_program.o
 .group         0x00000000        0x8 HAL/Switch/SW_program.o
 .group         0x00000000        0x8 HAL/Switch/SW_program.o
 .group         0x00000000        0x8 HAL/Switch/SW_program.o
 .group         0x00000000        0x8 HAL/Switch/SW_program.o
 .group         0x00000000        0x8 HAL/Switch/SW_program.o
 .text          0x00000000        0x0 HAL/Switch/SW_program.o
 .data          0x00000000        0x0 HAL/Switch/SW_program.o
 .bss           0x00000000        0x0 HAL/Switch/SW_program.o
 .debug_macro   0x00000000      0xa4e HAL/Switch/SW_program.o
 .debug_macro   0x00000000       0x10 HAL/Switch/SW_program.o
 .debug_macro   0x00000000       0x52 HAL/Switch/SW_program.o
 .debug_macro   0x00000000       0x58 HAL/Switch/SW_program.o
 .debug_macro   0x00000000       0x10 HAL/Switch/SW_program.o
 .group         0x00000000        0x8 MCAL/DIO/DIO_program.o
 .group         0x00000000        0x8 MCAL/DIO/DIO_program.o
 .group         0x00000000        0x8 MCAL/DIO/DIO_program.o
 .group         0x00000000        0x8 MCAL/DIO/DIO_program.o
 .group         0x00000000        0x8 MCAL/DIO/DIO_program.o
 .text          0x00000000        0x0 MCAL/DIO/DIO_program.o
 .data          0x00000000        0x0 MCAL/DIO/DIO_program.o
 .bss           0x00000000        0x0 MCAL/DIO/DIO_program.o
 .text.DIO_TogglePinValue
                0x00000000       0x3a MCAL/DIO/DIO_program.o
 .text.DIO_GetPortValue
                0x00000000       0x2e MCAL/DIO/DIO_program.o
 .text.DIO_TogglePortValue
                0x00000000       0x24 MCAL/DIO/DIO_program.o
 .text.DIO_SetLowNibbleValue
                0x00000000       0x30 MCAL/DIO/DIO_program.o
 .debug_macro   0x00000000      0xa4e MCAL/DIO/DIO_program.o
 .debug_macro   0x00000000       0x10 MCAL/DIO/DIO_program.o
 .debug_macro   0x00000000       0x52 MCAL/DIO/DIO_program.o
 .debug_macro   0x00000000       0x58 MCAL/DIO/DIO_program.o
 .group         0x00000000        0x8 MCAL/EXTI/EXTI_program.o
 .group         0x00000000        0x8 MCAL/EXTI/EXTI_program.o
 .group         0x00000000        0x8 MCAL/EXTI/EXTI_program.o
 .group         0x00000000        0x8 MCAL/EXTI/EXTI_program.o
 .group         0x00000000        0x8 MCAL/EXTI/EXTI_program.o
 .group         0x00000000        0x8 MCAL/EXTI/EXTI_program.o
 .text          0x00000000        0x0 MCAL/EXTI/EXTI_program.o
 .data          0x00000000        0x0 MCAL/EXTI/EXTI_program.o
 .bss           0x00000000        0x0 MCAL/EXTI/EXTI_program.o
 .debug_macro   0x00000000      0xa4e MCAL/EXTI/EXTI_program.o
 .debug_macro   0x00000000       0x10 MCAL/EXTI/EXTI_program.o
 .debug_macro   0x00000000       0x22 MCAL/EXTI/EXTI_program.o
 .debug_macro   0x00000000       0x52 MCAL/EXTI/EXTI_program.o
 .debug_macro   0x00000000       0x58 MCAL/EXTI/EXTI_program.o
 .text          0x00000000        0x0 c:/program files (x86)/atmel/studio/7.0/toolchain/avr8/avr8-gnu-toolchain/bin/../lib/gcc/avr/5.4.0/avr5\libgcc.a(_udivmodsi4.o)
 .data          0x00000000        0x0 c:/program files (x86)/atmel/studio/7.0/toolchain/avr8/avr8-gnu-toolchain/bin/../lib/gcc/avr/5.4.0/avr5\libgcc.a(_udivmodsi4.o)
 .bss           0x00000000        0x0 c:/program files (x86)/atmel/studio/7.0/toolchain/avr8/avr8-gnu-toolchain/bin/../lib/gcc/avr/5.4.0/avr5\libgcc.a(_udivmodsi4.o)
 .text.libgcc.mul
                0x00000000        0x0 c:/program files (x86)/atmel/studio/7.0/toolchain/avr8/avr8-gnu-toolchain/bin/../lib/gcc/avr/5.4.0/avr5\libgcc.a(_udivmodsi4.o)
 .text.libgcc.div
                0x00000000       0x44 c:/program files (x86)/atmel/studio/7.0/toolchain/avr8/avr8-gnu-toolchain/bin/../lib/gcc/avr/5.4.0/avr5\libgcc.a(_udivmodsi4.o)
 .text.libgcc   0x00000000        0x0 c:/program files (x86)/atmel/studio/7.0/toolchain/avr8/avr8-gnu-toolchain/bin/../lib/gcc/avr/5.4.0/avr5\libgcc.a(_udivmodsi4.o)
 .text.libgcc.prologue
                0x00000000        0x0 c:/program files (x86)/atmel/studio/7.0/toolchain/avr8/avr8-gnu-toolchain/bin/../lib/gcc/avr/5.4.0/avr5\libgcc.a(_udivmodsi4.o)
 .text.libgcc.builtins
                0x00000000        0x0 c:/program files (x86)/atmel/studio/7.0/toolchain/avr8/avr8-gnu-toolchain/bin/../lib/gcc/avr/5.4.0/avr5\libgcc.a(_udivmodsi4.o)
 .text.libgcc.fmul
                0x00000000        0x0 c:/program files (x86)/atmel/studio/7.0/toolchain/avr8/avr8-gnu-toolchain/bin/../lib/gcc/avr/5.4.0/avr5\libgcc.a(_udivmodsi4.o)
 .text.libgcc.fixed
                0x00000000        0x0 c:/program files (x86)/atmel/studio/7.0/toolchain/avr8/avr8-gnu-toolchain/bin/../lib/gcc/avr/5.4.0/avr5\libgcc.a(_udivmodsi4.o)
 .text          0x00000000        0x0 c:/program files (x86)/atmel/studio/7.0/toolchain/avr8/avr8-gnu-toolchain/bin/../lib/gcc/avr/5.4.0/avr5\libgcc.a(_exit.o)
 .data          0x00000000        0x0 c:/program files (x86)/atmel/studio/7.0/toolchain/avr8/avr8-gnu-toolchain/bin/../lib/gcc/avr/5.4.0/avr5\libgcc.a(_exit.o)
 .bss           0x00000000        0x0 c:/program files (x86)/atmel/studio/7.0/toolchain/avr8/avr8-gnu-toolchain/bin/../lib/gcc/avr/5.4.0/avr5\libgcc.a(_exit.o)
 .text.libgcc.mul
                0x00000000        0x0 c:/program files (x86)/atmel/studio/7.0/toolchain/avr8/avr8-gnu-toolchain/bin/../lib/gcc/avr/5.4.0/avr5\libgcc.a(_exit.o)
 .text.libgcc.div
                0x00000000        0x0 c:/program files (x86)/atmel/studio/7.0/toolchain/avr8/avr8-gnu-toolchain/bin/../lib/gcc/avr/5.4.0/avr5\libgcc.a(_exit.o)
 .text.libgcc   0x00000000        0x0 c:/program files (x86)/atmel/studio/7.0/toolchain/avr8/avr8-gnu-toolchain/bin/../lib/gcc/avr/5.4.0/avr5\libgcc.a(_exit.o)
 .text.libgcc.prologue
                0x00000000        0x0 c:/program files (x86)/atmel/studio/7.0/toolchain/avr8/avr8-gnu-toolchain/bin/../lib/gcc/avr/5.4.0/avr5\libgcc.a(_exit.o)
 .text.libgcc.builtins
                0x00000000        0x0 c:/program files (x86)/atmel/studio/7.0/toolchain/avr8/avr8-gnu-toolchain/bin/../lib/gcc/avr/5.4.0/avr5\libgcc.a(_exit.o)
 .text.libgcc.fmul
                0x00000000        0x0 c:/program files (x86)/atmel/studio/7.0/toolchain/avr8/avr8-gnu-toolchain/bin/../lib/gcc/avr/5.4.0/avr5\libgcc.a(_exit.o)
 .text.libgcc.fixed
                0x00000000        0x0 c:/program files (x86)/atmel/studio/7.0/toolchain/avr8/avr8-gnu-toolchain/bin/../lib/gcc/avr/5.4.0/avr5\libgcc.a(_exit.o)
 .text          0x00000000        0x0 c:/program files (x86)/atmel/studio/7.0/toolchain/avr8/avr8-gnu-toolchain/bin/../lib/gcc/avr/5.4.0/avr5\libgcc.a(_copy_data.o)
 .data          0x00000000        0x0 c:/program files (x86)/atmel/studio/7.0/toolchain/avr8/avr8-gnu-toolchain/bin/../lib/gcc/avr/5.4.0/avr5\libgcc.a(_copy_data.o)
 .bss           0x00000000        0x0 c:/program files (x86)/atmel/studio/7.0/toolchain/avr8/avr8-gnu-toolchain/bin/../lib/gcc/avr/5.4.0/avr5\libgcc.a(_copy_data.o)
 .text.libgcc.mul
                0x00000000        0x0 c:/program files (x86)/atmel/studio/7.0/toolchain/avr8/avr8-gnu-toolchain/bin/../lib/gcc/avr/5.4.0/avr5\libgcc.a(_copy_data.o)
 .text.libgcc.div
                0x00000000        0x0 c:/program files (x86)/atmel/studio/7.0/toolchain/avr8/avr8-gnu-toolchain/bin/../lib/gcc/avr/5.4.0/avr5\libgcc.a(_copy_data.o)
 .text.libgcc   0x00000000        0x0 c:/program files (x86)/atmel/studio/7.0/toolchain/avr8/avr8-gnu-toolchain/bin/../lib/gcc/avr/5.4.0/avr5\libgcc.a(_copy_data.o)
 .text.libgcc.prologue
                0x00000000        0x0 c:/program files (x86)/atmel/studio/7.0/toolchain/avr8/avr8-gnu-toolchain/bin/../lib/gcc/avr/5.4.0/avr5\libgcc.a(_copy_data.o)
 .text.libgcc.builtins
                0x00000000        0x0 c:/program files (x86)/atmel/studio/7.0/toolchain/avr8/avr8-gnu-toolchain/bin/../lib/gcc/avr/5.4.0/avr5\libgcc.a(_copy_data.o)
 .text.libgcc.fmul
                0x00000000        0x0 c:/program files (x86)/atmel/studio/7.0/toolchain/avr8/avr8-gnu-toolchain/bin/../lib/gcc/avr/5.4.0/avr5\libgcc.a(_copy_data.o)
 .text.libgcc.fixed
                0x00000000        0x0 c:/program files (x86)/atmel/studio/7.0/toolchain/avr8/avr8-gnu-toolchain/bin/../lib/gcc/avr/5.4.0/avr5\libgcc.a(_copy_data.o)
 .text          0x00000000        0x0 c:/program files (x86)/atmel/studio/7.0/toolchain/avr8/avr8-gnu-toolchain/bin/../lib/gcc/avr/5.4.0/avr5\libgcc.a(_clear_bss.o)
 .data          0x00000000        0x0 c:/program files (x86)/atmel/studio/7.0/toolchain/avr8/avr8-gnu-toolchain/bin/../lib/gcc/avr/5.4.0/avr5\libgcc.a(_clear_bss.o)
 .bss           0x00000000        0x0 c:/program files (x86)/atmel/studio/7.0/toolchain/avr8/avr8-gnu-toolchain/bin/../lib/gcc/avr/5.4.0/avr5\libgcc.a(_clear_bss.o)
 .text.libgcc.mul
                0x00000000        0x0 c:/program files (x86)/atmel/studio/7.0/toolchain/avr8/avr8-gnu-toolchain/bin/../lib/gcc/avr/5.4.0/avr5\libgcc.a(_clear_bss.o)
 .text.libgcc.div
                0x00000000        0x0 c:/program files (x86)/atmel/studio/7.0/toolchain/avr8/avr8-gnu-toolchain/bin/../lib/gcc/avr/5.4.0/avr5\libgcc.a(_clear_bss.o)
 .text.libgcc   0x00000000        0x0 c:/program files (x86)/atmel/studio/7.0/toolchain/avr8/avr8-gnu-toolchain/bin/../lib/gcc/avr/5.4.0/avr5\libgcc.a(_clear_bss.o)
 .text.libgcc.prologue
                0x00000000        0x0 c:/program files (x86)/atmel/studio/7.0/toolchain/avr8/avr8-gnu-toolchain/bin/../lib/gcc/avr/5.4.0/avr5\libgcc.a(_clear_bss.o)
 .text.libgcc.builtins
                0x00000000        0x0 c:/program files (x86)/atmel/studio/7.0/toolchain/avr8/avr8-gnu-toolchain/bin/../lib/gcc/avr/5.4.0/avr5\libgcc.a(_clear_bss.o)
 .text.libgcc.fmul
                0x00000000        0x0 c:/program files (x86)/atmel/studio/7.0/toolchain/avr8/avr8-gnu-toolchain/bin/../lib/gcc/avr/5.4.0/avr5\libgcc.a(_clear_bss.o)
 .text.libgcc.fixed
                0x00000000        0x0 c:/program files (x86)/atmel/studio/7.0/toolchain/avr8/avr8-gnu-toolchain/bin/../lib/gcc/avr/5.4.0/avr5\libgcc.a(_clear_bss.o)

Memory Configuration

Name             Origin             Length             Attributes
text             0x00000000         0x00008000         xr
data             0x00800060         0x00000800         rw !x
eeprom           0x00810000         0x00000400         rw !x
fuse             0x00820000         0x00000002         rw !x
lock             0x00830000         0x00000400         rw !x
signature        0x00840000         0x00000400         rw !x
user_signatures  0x00850000         0x00000400         rw !x
*default*        0x00000000         0xffffffff

Linker script and memory map

LOAD C:/Program Files (x86)/Atmel/Studio/7.0/Packs/atmel/ATmega_DFP/1.7.374/gcc/dev/atmega32/avr5/crtatmega32.o
LOAD APP/main.o
LOAD HAL/BUZ/BUZ_program.o
LOAD HAL/CLCD/CLCD_program.o
LOAD HAL/KPD/KPD_program.o
LOAD HAL/LED/LED_program.o
LOAD HAL/Relay/Relay_program.o
LOAD HAL/SSD/SSD_program.o
LOAD HAL/Switch/SW_program.o
LOAD MCAL/DIO/DIO_program.o
LOAD MCAL/EXTI/EXTI_program.o
START GROUP
LOAD c:/program files (x86)/atmel/studio/7.0/toolchain/avr8/avr8-gnu-toolchain/bin/../lib/gcc/avr/5.4.0/../../../../avr/lib/avr5\libm.a
END GROUP
START GROUP
LOAD c:/program files (x86)/atmel/studio/7.0/toolchain/avr8/avr8-gnu-toolchain/bin/../lib/gcc/avr/5.4.0/avr5\libgcc.a
LOAD c:/program files (x86)/atmel/studio/7.0/toolchain/avr8/avr8-gnu-toolchain/bin/../lib/gcc/avr/5.4.0/../../../../avr/lib/avr5\libm.a
LOAD c:/program files (x86)/atmel/studio/7.0/toolchain/avr8/avr8-gnu-toolchain/bin/../lib/gcc/avr/5.4.0/../../../../avr/lib/avr5\libc.a
LOAD C:/Program Files (x86)/Atmel/Studio/7.0/Packs/atmel/ATmega_DFP/1.7.374/gcc/dev/atmega32/avr5\libatmega32.a
END GROUP
                0x00000000                __TEXT_REGION_ORIGIN__ = DEFINED (__TEXT_REGION_ORIGIN__)?__TEXT_REGION_ORIGIN__:0x0
                [0x00800060]                __DATA_REGION_ORIGIN__ = DEFINED (__DATA_REGION_ORIGIN__)?__DATA_REGION_ORIGIN__:0x800060
                [0x00008000]                __TEXT_REGION_LENGTH__ = DEFINED (__TEXT_REGION_LENGTH__)?__TEXT_REGION_LENGTH__:0x20000
                [0x00000800]                __DATA_REGION_LENGTH__ = DEFINED (__DATA_REGION_LENGTH__)?__DATA_REGION_LENGTH__:0xffa0
                [0x00000400]                __EEPROM_REGION_LENGTH__ = DEFINED (__EEPROM_REGION_LENGTH__)?__EEPROM_REGION_LENGTH__:0x10000
                [0x00000002]                __FUSE_REGION_LENGTH__ = DEFINED (__FUSE_REGION_LENGTH__)?__FUSE_REGION_LENGTH__:0x400
                0x00000400                __LOCK_REGION_LENGTH__ = DEFINED (__LOCK_REGION_LENGTH__)?__LOCK_REGION_LENGTH__:0x400
                0x00000400                __SIGNATURE_REGION_LENGTH__ = DEFINED (__SIGNATURE_REGION_LENGTH__)?__SIGNATURE_REGION_LENGTH__:0x400
                0x00000400                __USER_SIGNATURE_REGION_LENGTH__ = DEFINED (__USER_SIGNATURE_REGION_LENGTH__)?__USER_SIGNATURE_REGION_LENGTH__:0x400

.hash
 *(.hash)

.dynsym
 *(.dynsym)

.dynstr
 *(.dynstr)

.gnu.version
 *(.gnu.version)

.gnu.version_d
 *(.gnu.version_d)

.gnu.version_r
 *(.gnu.version_r)

.rel.init
 *(.rel.init)

.rela.init
 *(.rela.init)

.rel.text
 *(.rel.text)
 *(.rel.text.*)
 *(.rel.gnu.linkonce.t*)

.rela.text
 *(.rela.text)
 *(.rela.text.*)
 *(.rela.gnu.linkonce.t*)

.rel.fini
 *(.rel.fini)

.rela.fini
 *(.rela.fini)

.rel.rodata
 *(.rel.rodata)
 *(.rel.rodata.*)
 *(.rel.gnu.linkonce.r*)

.rela.rodata
 *(.rela.rodata)
 *(.rela.rodata.*)
 *(.rela.gnu.linkonce.r*)

.rel.data
 *(.rel.data)
 *(.rel.data.*)
 *(.rel.gnu.linkonce.d*)

.rela.data
 *(.rela.data)
 *(.rela.data.*)
 *(.rela.gnu.linkonce.d*)

.rel.ctors
 *(.rel.ctors)

.rela.ctors
 *(.rela.ctors)

.rel.dtors
 *(.rel.dtors)

.rela.dtors
 *(.rela.dtors)

.rel.got
 *(.rel.got)

.rela.got
 *(.rela.got)

.rel.bss
 *(.rel.bss)

.rela.bss
 *(.rela.bss)

.rel.plt
 *(.rel.plt)

.rela.plt
 *(.rela.plt)

.text           0x00000000     0x1270
 *(.vectors)
 .vectors       0x00000000       0x54 C:/Program Files (x86)/Atmel/Studio/7.0/Packs/atmel/ATmega_DFP/1.7.374/gcc/dev/atmega32/avr5/crtatmega32.o
                0x00000000                __vector_default
                0x00000000                __vectors
 *(.vectors)
 *(.progmem.gcc*)
                0x00000054                . = ALIGN (0x2)
                0x00000054                __trampolines_start = .
 *(.trampolines)
 .trampolines   0x00000054        0x0 linker stubs
 *(.trampolines*)
                0x00000054                __trampolines_end = .
 *libprintf_flt.a:*(.progmem.data)
 *libc.a:*(.progmem.data)
 *(.progmem*)
                0x00000054                . = ALIGN (0x2)
 *(.jumptables)
 *(.jumptables*)
 *(.lowtext)
 *(.lowtext*)
                0x00000054                __ctors_start = .
 *(.ctors)
                0x00000054                __ctors_end = .
                0x00000054                __dtors_start = .
 *(.dtors)
                0x00000054                __dtors_end = .
 SORT(*)(.ctors)
 SORT(*)(.dtors)
 *(.init0)
 .init0         0x00000054        0x0 C:/Program Files (x86)/Atmel/Studio/7.0/Packs/atmel/ATmega_DFP/1.7.374/gcc/dev/atmega32/avr5/crtatmega32.o
                0x00000054                __init
 *(.init0)
 *(.init1)
 *(.init1)
 *(.init2)
 .init2         0x00000054        0xc C:/Program Files (x86)/Atmel/Studio/7.0/Packs/atmel/ATmega_DFP/1.7.374/gcc/dev/atmega32/avr5/crtatmega32.o
 *(.init2)
 *(.init3)
 *(.init3)
 *(.init4)
 .init4         0x00000060       0x16 c:/program files (x86)/atmel/studio/7.0/toolchain/avr8/avr8-gnu-toolchain/bin/../lib/gcc/avr/5.4.0/avr5\libgcc.a(_copy_data.o)
                0x00000060                __do_copy_data
 .init4         0x00000076       0x10 c:/program files (x86)/atmel/studio/7.0/toolchain/avr8/avr8-gnu-toolchain/bin/../lib/gcc/avr/5.4.0/avr5\libgcc.a(_clear_bss.o)
                0x00000076                __do_clear_bss
 *(.init4)
 *(.init5)
 *(.init5)
 *(.init6)
 *(.init6)
 *(.init7)
 *(.init7)
 *(.init8)
 *(.init8)
 *(.init9)
 .init9         0x00000086        0x8 C:/Program Files (x86)/Atmel/Studio/7.0/Packs/atmel/ATmega_DFP/1.7.374/gcc/dev/atmega32/avr5/crtatmega32.o
 *(.init9)
 *(.text)
 .text          0x0000008e        0x4 C:/Program Files (x86)/Atmel/Studio/7.0/Packs/atmel/ATmega_DFP/1.7.374/gcc/dev/atmega32/avr5/crtatmega32.o
                0x0000008e                __vector_12
                0x0000008e                __bad_interrupt
                0x0000008e                __vector_6
                0x0000008e                __vector_11
                0x0000008e                __vector_13
                0x0000008e                __vector_17
                0x0000008e                __vector_19
                0x0000008e                __vector_7
                0x0000008e                __vector_5
                0x0000008e                __vector_4
                0x0000008e                __vector_9
                0x0000008e                __vector_15
                0x0000008e                __vector_8
                0x0000008e                __vector_14
                0x0000008e                __vector_10
                0x0000008e                __vector_16
                0x0000008e                __vector_18
                0x0000008e                __vector_20
                0x00000092                . = ALIGN (0x2)
 *(.text.*)
 .text.ISR1_PlayerOneMove
                0x00000092       0x58 APP/main.o
                0x00000092                ISR1_PlayerOneMove
 .text.ISR2_PlayerTwoMove
                0x000000ea       0x58 APP/main.o
                0x000000ea                ISR2_PlayerTwoMove
 .text.Main_Initialization
                0x00000142       0x92 APP/main.o
                0x00000142                Main_Initialization
 .text.Start_Round
                0x000001d4       0x3a APP/main.o
                0x000001d4                Start_Round
 .text.Check_Left
                0x0000020e       0x50 APP/main.o
                0x0000020e                Check_Left
 .text.Check_Right
                0x0000025e       0x50 APP/main.o
                0x0000025e                Check_Right
 .text.Ball_MoveToRight
                0x000002ae       0xd6 APP/main.o
                0x000002ae                Ball_MoveToRight
 .text.Ball_MoveToLeft
                0x00000384       0xd4 APP/main.o
                0x00000384                Ball_MoveToLeft
 .text.main     0x00000458      0x2bc APP/main.o
                0x00000458                main
 .text.BUZ_Initialization
                0x00000714       0x16 HAL/BUZ/BUZ_program.o
                0x00000714                BUZ_Initialization
 .text.BUZ_On   0x0000072a       0x36 HAL/BUZ/BUZ_program.o
                0x0000072a                BUZ_On
 .text.BUZ_Off  0x00000760       0x36 HAL/BUZ/BUZ_program.o
                0x00000760                BUZ_Off
 .text.CLCD_FallingEdge
                0x00000796       0x54 HAL/CLCD/CLCD_program.o
 .text.CLCD_SendCommond
                0x000007ea       0x94 HAL/CLCD/CLCD_program.o
                0x000007ea                CLCD_SendCommond
 .text.CLCD_SendData
                0x0000087e       0xa2 HAL/CLCD/CLCD_program.o
                0x0000087e                CLCD_SendData
 .text.CLCD_SendString
                0x00000920       0x46 HAL/CLCD/CLCD_program.o
                0x00000920                CLCD_SendString
 .text.CLCD_GoToX_Y
                0x00000966       0x48 HAL/CLCD/CLCD_program.o
                0x00000966                CLCD_GoToX_Y
 .text.CLCD_SetCustomChar
                0x000009ae       0x76 HAL/CLCD/CLCD_program.o
                0x000009ae                CLCD_SetCustomChar
 .text.CLCD_ClearScreen
                0x00000a24       0x1c HAL/CLCD/CLCD_program.o
                0x00000a24                CLCD_ClearScreen
 .text.CLCD_Initialization
                0x00000a40      0x192 HAL/CLCD/CLCD_program.o
                0x00000a40                CLCD_Initialization
 .text.SSD_Initialization
                0x00000bd2        0xc HAL/SSD/SSD_program.o
                0x00000bd2                SSD_Initialization
 .text.SSD_DisplayNumber
                0x00000bde       0x30 HAL/SSD/SSD_program.o
                0x00000bde                SSD_DisplayNumber
 .text.SW_Initialization
                0x00000c0e       0x54 HAL/Switch/SW_program.o
                0x00000c0e                SW_Initialization
 .text.SW_GetPressed
                0x00000c62       0x58 HAL/Switch/SW_program.o
                0x00000c62                SW_GetPressed
 .text.DIO_SetPinDirection
                0x00000cba       0xc0 MCAL/DIO/DIO_program.o
                0x00000cba                DIO_SetPinDirection
 .text.DIO_SetPinValue
                0x00000d7a       0x72 MCAL/DIO/DIO_program.o
                0x00000d7a                DIO_SetPinValue
 .text.DIO_GetPinValue
                0x00000dec       0x44 MCAL/DIO/DIO_program.o
                0x00000dec                DIO_GetPinValue
 .text.DIO_SetPortDirection
                0x00000e30       0x78 MCAL/DIO/DIO_program.o
                0x00000e30                DIO_SetPortDirection
 .text.DIO_SetPortValue
                0x00000ea8       0x5a MCAL/DIO/DIO_program.o
                0x00000ea8                DIO_SetPortValue
 .text.DIO_SetHighNibbleValue
                0x00000f02       0x32 MCAL/DIO/DIO_program.o
                0x00000f02                DIO_SetHighNibbleValue
 .text.EXTI_EnableInterrupt
                0x00000f34       0x30 MCAL/EXTI/EXTI_program.o
                0x00000f34                EXTI_EnableInterrupt
 .text.EXTI_DisableInterrupt
                0x00000f64       0x2a MCAL/EXTI/EXTI_program.o
                0x00000f64                EXTI_DisableInterrupt
 .text.EXTI_ClearFlag
                0x00000f8e       0x18 MCAL/EXTI/EXTI_program.o
                0x00000f8e                EXTI_ClearFlag
 .text.EXTI_SetHandler
                0x00000fa6       0x54 MCAL/EXTI/EXTI_program.o
                0x00000fa6                EXTI_SetHandler
 .text.EXTI_SetTriggerState
                0x00000ffa      0x13e MCAL/EXTI/EXTI_program.o
                0x00000ffa                EXTI_SetTriggerState
 .text.EXTI_Initializatoin
                0x00001138       0x2c MCAL/EXTI/EXTI_program.o
                0x00001138                EXTI_Initializatoin
 .text.__vector_1
                0x00001164       0x58 MCAL/EXTI/EXTI_program.o
                0x00001164                __vector_1
 .text.__vector_2
                0x000011bc       0x58 MCAL/EXTI/EXTI_program.o
                0x000011bc                __vector_2
 .text.__vector_3
                0x00001214       0x58 MCAL/EXTI/EXTI_program.o
                0x00001214                __vector_3
                0x0000126c                . = ALIGN (0x2)
 *(.fini9)
 .fini9         0x0000126c        0x0 c:/program files (x86)/atmel/studio/7.0/toolchain/avr8/avr8-gnu-toolchain/bin/../lib/gcc/avr/5.4.0/avr5\libgcc.a(_exit.o)
                0x0000126c                _exit
                0x0000126c                exit
 *(.fini9)
 *(.fini8)
 *(.fini8)
 *(.fini7)
 *(.fini7)
 *(.fini6)
 *(.fini6)
 *(.fini5)
 *(.fini5)
 *(.fini4)
 *(.fini4)
 *(.fini3)
 *(.fini3)
 *(.fini2)
 *(.fini2)
 *(.fini1)
 *(.fini1)
 *(.fini0)
 .fini0         0x0000126c        0x4 c:/program files (x86)/atmel/studio/7.0/toolchain/avr8/avr8-gnu-toolchain/bin/../lib/gcc/avr/5.4.0/avr5\libgcc.a(_exit.o)
 *(.fini0)
                0x00001270                _etext = .

.data           0x00800060       0xc2 load address 0x00001270
                0x00800060                PROVIDE (__data_start, .)
 *(.data)
 *(.data*)
 .data.Buzzer   0x00800060        0x1 APP/main.o
                0x00800060                Buzzer
 .data.Turn_On_Off
                0x00800061        0x1 APP/main.o
                0x00800061                Turn_On_Off
 .data.PlayerTwo_Score_Display
                0x00800062        0x4 APP/main.o
                0x00800062                PlayerTwo_Score_Display
 .data.ISR_PlayerTwo
                0x00800066        0x4 APP/main.o
                0x00800066                ISR_PlayerTwo
 .data.ISR_PlayerOne
                0x0080006a        0x4 APP/main.o
                0x0080006a                ISR_PlayerOne
 .data.CLCD     0x0080006e        0x4 APP/main.o
                0x0080006e                CLCD
 .data.Ball_Row
                0x00800072        0x7 APP/main.o
                0x00800072                Ball_Row
 .data.SSD_Numbers
                0x00800079        0xa HAL/SSD/SSD_program.o
                0x00800079                SSD_Numbers
 .data.DDR_Register
                0x00800083        0x8 MCAL/DIO/DIO_program.o
                0x00800083                DDR_Register
 .data.PIN_Register
                0x0080008b        0x8 MCAL/DIO/DIO_program.o
                0x0080008b                PIN_Register
 .data.PORT_Register
                0x00800093        0x8 MCAL/DIO/DIO_program.o
                0x00800093                PORT_Register
 *(.gnu.linkonce.d*)
 *(.rodata)
 *(.rodata*)
 .rodata.str1.1
                0x0080009b       0x77 APP/main.o
                                 0x79 (size before relaxing)
 .rodata.Custom_Characters_Ball
                0x00800112        0x8 APP/main.o
                0x00800112                Custom_Characters_Ball
 .rodata.Custom_Characters_Player
                0x0080011a        0x8 APP/main.o
                0x0080011a                Custom_Characters_Player
 *(.gnu.linkonce.r*)
                0x00800122                . = ALIGN (0x2)
                0x00800122                _edata = .
                0x00800122                PROVIDE (__data_end, .)

.bss            0x00800122       0x13
                0x00800122                PROVIDE (__bss_start, .)
 *(.bss)
 *(.bss*)
 .bss.Catch_Status
                0x00800122        0x1 APP/main.o
                0x00800122                Catch_Status
 .bss.Read_Switch
                0x00800123        0x1 APP/main.o
                0x00800123                Read_Switch
 .bss.PlayerTwo_Score
                0x00800124        0x1 APP/main.o
                0x00800124                PlayerTwo_Score
 .bss.PlayerOne_Score
                0x00800125        0x1 APP/main.o
                0x00800125                PlayerOne_Score
 .bss.PlayerOne_Score_Display
                0x00800126        0x4 APP/main.o
                0x00800126                PlayerOne_Score_Display
 .bss.RetVal    0x0080012a        0x1 APP/main.o
                0x0080012a                RetVal
 .bss.PlayerTwo_Current_Position
                0x0080012b        0x1 APP/main.o
                0x0080012b                PlayerTwo_Current_Position
 .bss.PlayerOne_Current_Position
                0x0080012c        0x1 APP/main.o
                0x0080012c                PlayerOne_Current_Position
 .bss.Ball_Col  0x0080012d        0x1 APP/main.o
                0x0080012d                Ball_Col
 .bss.Ball_Row_Counter
                0x0080012e        0x1 APP/main.o
                0x0080012e                Ball_Row_Counter
 *(COMMON)
 COMMON         0x0080012f        0x6 MCAL/EXTI/EXTI_program.o
                0x0080012f                EXTI_InterruptCallBackHandler
                0x00800135                PROVIDE (__bss_end, .)
                0x00001270                __data_load_start = LOADADDR (.data)
                0x00001332                __data_load_end = (__data_load_start + SIZEOF (.data))

.noinit         0x00800135        0x0
                [!provide]                PROVIDE (__noinit_start, .)
 *(.noinit*)
                [!provide]                PROVIDE (__noinit_end, .)
                0x00800135                _end = .
                [!provide]                PROVIDE (__heap_start, .)

.eeprom         0x00810000        0x0
 *(.eeprom*)
                0x00810000                __eeprom_end = .

.fuse
 *(.fuse)
 *(.lfuse)
 *(.hfuse)
 *(.efuse)

.lock
 *(.lock*)

.signature
 *(.signature*)

.user_signatures
 *(.user_signatures*)

.stab
 *(.stab)

.stabstr
 *(.stabstr)

.stab.excl
 *(.stab.excl)

.stab.exclstr
 *(.stab.exclstr)

.stab.index
 *(.stab.index)

.stab.indexstr
 *(.stab.indexstr)

.comment        0x00000000       0x30
 *(.comment)
 .comment       0x00000000       0x30 APP/main.o
                                 0x31 (size before relaxing)
 .comment       0x00000030       0x31 HAL/BUZ/BUZ_program.o
 .comment       0x00000030       0x31 HAL/CLCD/CLCD_program.o
 .comment       0x00000030       0x31 HAL/SSD/SSD_program.o
 .comment       0x00000030       0x31 HAL/Switch/SW_program.o
 .comment       0x00000030       0x31 MCAL/DIO/DIO_program.o
 .comment       0x00000030       0x31 MCAL/EXTI/EXTI_program.o

.note.gnu.avr.deviceinfo
                0x00000000       0x3c
 .note.gnu.avr.deviceinfo
                0x00000000       0x3c C:/Program Files (x86)/Atmel/Studio/7.0/Packs/atmel/ATmega_DFP/1.7.374/gcc/dev/atmega32/avr5/crtatmega32.o

.note.gnu.build-id
 *(.note.gnu.build-id)

.debug
 *(.debug)

.line
 *(.line)

.debug_srcinfo
 *(.debug_srcinfo)

.debug_sfnames
 *(.debug_sfnames)

.debug_aranges  0x00000000      0x220
 *(.debug_aranges)
 .debug_aranges
                0x00000000       0x60 APP/main.o
 .debug_aranges
                0x00000060       0x38 HAL/BUZ/BUZ_program.o
 .debug_aranges
                0x00000098       0x60 HAL/CLCD/CLCD_program.o
 .debug_aranges
                0x000000f8       0x38 HAL/SSD/SSD_program.o
 .debug_aranges
                0x00000130       0x28 HAL/Switch/SW_program.o
 .debug_aranges
                0x00000158       0x68 MCAL/DIO/DIO_program.o
 .debug_aranges
                0x000001c0       0x60 MCAL/EXTI/EXTI_program.o

.debug_pubnames
 *(.debug_pubnames)

.debug_info     0x00000000     0x38ab
 *(.debug_info .gnu.linkonce.wi.*)
 .debug_info    0x00000000      0x4e6 C:/Program Files (x86)/Atmel/Studio/7.0/Packs/atmel/ATmega_DFP/1.7.374/gcc/dev/atmega32/avr5/crtatmega32.o
 .debug_info    0x000004e6     0x13b1 APP/main.o
 .debug_info    0x00001897      0x341 HAL/BUZ/BUZ_program.o
 .debug_info    0x00001bd8      0xd85 HAL/CLCD/CLCD_program.o
 .debug_info    0x0000295d      0x3e1 HAL/SSD/SSD_program.o
 .debug_info    0x00002d3e      0x2cc HAL/Switch/SW_program.o
 .debug_info    0x0000300a      0x4ef MCAL/DIO/DIO_program.o
 .debug_info    0x000034f9      0x3b2 MCAL/EXTI/EXTI_program.o

.debug_abbrev   0x00000000      0xf6e
 *(.debug_abbrev)
 .debug_abbrev  0x00000000      0x4a3 C:/Program Files (x86)/Atmel/Studio/7.0/Packs/atmel/ATmega_DFP/1.7.374/gcc/dev/atmega32/avr5/crtatmega32.o
 .debug_abbrev  0x000004a3      0x2ae APP/main.o
 .debug_abbrev  0x00000751      0x104 HAL/BUZ/BUZ_program.o
 .debug_abbrev  0x00000855      0x217 HAL/CLCD/CLCD_program.o
 .debug_abbrev  0x00000a6c      0x144 HAL/SSD/SSD_program.o
 .debug_abbrev  0x00000bb0      0x131 HAL/Switch/SW_program.o
 .debug_abbrev  0x00000ce1      0x124 MCAL/DIO/DIO_program.o
 .debug_abbrev  0x00000e05      0x169 MCAL/EXTI/EXTI_program.o

.debug_line     0x00000000     0x1e95
 *(.debug_line .debug_line.* .debug_line_end)
 .debug_line    0x00000000      0x116 C:/Program Files (x86)/Atmel/Studio/7.0/Packs/atmel/ATmega_DFP/1.7.374/gcc/dev/atmega32/avr5/crtatmega32.o
 .debug_line    0x00000116      0xb0d APP/main.o
 .debug_line    0x00000c23      0x1af HAL/BUZ/BUZ_program.o
 .debug_line    0x00000dd2      0x61c HAL/CLCD/CLCD_program.o
 .debug_line    0x000013ee      0x1cd HAL/SSD/SSD_program.o
 .debug_line    0x000015bb      0x1b5 HAL/Switch/SW_program.o
 .debug_line    0x00001770      0x38d MCAL/DIO/DIO_program.o
 .debug_line    0x00001afd      0x398 MCAL/EXTI/EXTI_program.o

.debug_frame    0x00000000      0x540
 *(.debug_frame)
 .debug_frame   0x00000000       0xbc APP/main.o
 .debug_frame   0x000000bc       0x54 HAL/BUZ/BUZ_program.o
 .debug_frame   0x00000110      0x144 HAL/CLCD/CLCD_program.o
 .debug_frame   0x00000254       0x64 HAL/SSD/SSD_program.o
 .debug_frame   0x000002b8       0x4c HAL/Switch/SW_program.o
 .debug_frame   0x00000304       0xb4 MCAL/DIO/DIO_program.o
 .debug_frame   0x000003b8      0x188 MCAL/EXTI/EXTI_program.o

.debug_str      0x00000000     0x5272
 *(.debug_str)
 .debug_str     0x00000000      0x196 C:/Program Files (x86)/Atmel/Studio/7.0/Packs/atmel/ATmega_DFP/1.7.374/gcc/dev/atmega32/avr5/crtatmega32.o
 .debug_str     0x00000196     0x4c7a APP/main.o
                               0x4d51 (size before relaxing)
 .debug_str     0x00004e10       0x64 HAL/BUZ/BUZ_program.o
                               0x30c3 (size before relaxing)
 .debug_str     0x00004e74       0xdd HAL/CLCD/CLCD_program.o
                               0x47c8 (size before relaxing)
 .debug_str     0x00004f51       0x3c HAL/SSD/SSD_program.o
                               0x3135 (size before relaxing)
 .debug_str     0x00004f8d       0x40 HAL/Switch/SW_program.o
                               0x30d4 (size before relaxing)
 .debug_str     0x00004fcd      0x132 MCAL/DIO/DIO_program.o
                               0x31a8 (size before relaxing)
 .debug_str     0x000050ff      0x173 MCAL/EXTI/EXTI_program.o
                               0x321c (size before relaxing)

.debug_loc      0x00000000     0x220b
 *(.debug_loc)
 .debug_loc     0x00000000      0x38c APP/main.o
 .debug_loc     0x0000038c      0x150 HAL/BUZ/BUZ_program.o
 .debug_loc     0x000004dc      0xe62 HAL/CLCD/CLCD_program.o
 .debug_loc     0x0000133e      0x23f HAL/SSD/SSD_program.o
 .debug_loc     0x0000157d      0x12a HAL/Switch/SW_program.o
 .debug_loc     0x000016a7      0x59e MCAL/DIO/DIO_program.o
 .debug_loc     0x00001c45      0x5c6 MCAL/EXTI/EXTI_program.o

.debug_macinfo
 *(.debug_macinfo)

.debug_weaknames
 *(.debug_weaknames)

.debug_funcnames
 *(.debug_funcnames)

.debug_typenames
 *(.debug_typenames)

.debug_varnames
 *(.debug_varnames)

.debug_pubtypes
 *(.debug_pubtypes)

.debug_ranges   0x00000000      0x1e8
 *(.debug_ranges)
 .debug_ranges  0x00000000       0x50 APP/main.o
 .debug_ranges  0x00000050       0x28 HAL/BUZ/BUZ_program.o
 .debug_ranges  0x00000078       0x50 HAL/CLCD/CLCD_program.o
 .debug_ranges  0x000000c8       0x28 HAL/SSD/SSD_program.o
 .debug_ranges  0x000000f0       0x18 HAL/Switch/SW_program.o
 .debug_ranges  0x00000108       0x58 MCAL/DIO/DIO_program.o
 .debug_ranges  0x00000160       0x88 MCAL/EXTI/EXTI_program.o

.debug_macro    0x00000000     0x1699
 *(.debug_macro)
 .debug_macro   0x00000000      0x18d APP/main.o
 .debug_macro   0x0000018d      0xa4e APP/main.o
 .debug_macro   0x00000bdb       0x10 APP/main.o
 .debug_macro   0x00000beb       0x10 APP/main.o
 .debug_macro   0x00000bfb       0x10 APP/main.o
 .debug_macro   0x00000c0b      0x1c9 APP/main.o
 .debug_macro   0x00000dd4      0x2fc APP/main.o
 .debug_macro   0x000010d0      0x166 APP/main.o
 .debug_macro   0x00001236       0x52 APP/main.o
 .debug_macro   0x00001288       0x58 APP/main.o
 .debug_macro   0x000012e0       0x10 APP/main.o
 .debug_macro   0x000012f0       0x22 APP/main.o
 .debug_macro   0x00001312       0xb2 APP/main.o
 .debug_macro   0x000013c4       0x28 APP/main.o
 .debug_macro   0x000013ec       0x5e HAL/BUZ/BUZ_program.o
 .debug_macro   0x0000144a       0x9d HAL/CLCD/CLCD_program.o
 .debug_macro   0x000014e7       0x5e HAL/SSD/SSD_program.o
 .debug_macro   0x00001545       0x63 HAL/Switch/SW_program.o
 .debug_macro   0x000015a8       0x45 MCAL/DIO/DIO_program.o
 .debug_macro   0x000015ed       0x22 MCAL/DIO/DIO_program.o
 .debug_macro   0x0000160f       0x5c MCAL/EXTI/EXTI_program.o
 .debug_macro   0x0000166b       0x2e MCAL/EXTI/EXTI_program.o
OUTPUT(ATMEGA32_Driver.elf elf32-avr)
LOAD linker stubs
